

 NAS Parallel Benchmarks (NPB3.4-OMP) - BT Benchmark

 No input file inputbt.data. Using compiled defaults
 Size:  102x 102x 102
 Iterations:  200       dt:   0.0003000
 Number of available threads:    72

 Time step    1
 Time step   20
 Time step   40
 Time step   60
 Time step   80
 Time step  100
 Time step  120
 Time step  140
 Time step  160
 Time step  180
 Time step  200
 Verification being performed for class B
 accuracy setting for epsilon =  0.1000000000000E-07
 Comparison of RMS-norms of residual
           1 0.1423359722929E+04 0.1423359722929E+04 0.9744405422333E-14
           2 0.9933052259015E+02 0.9933052259015E+02 0.3719724944162E-14
           3 0.3564602564454E+03 0.3564602564454E+03 0.1004638055289E-13
           4 0.3248544795908E+03 0.3248544795908E+03 0.8749058798943E-14
           5 0.3270754125466E+04 0.3270754125466E+04 0.8063995439479E-14
 Comparison of RMS-norms of solution error
           1 0.5296984714094E+02 0.5296984714094E+02 0.3353524571581E-14
           2 0.4463289611567E+01 0.4463289611567E+01 0.1213877841610E-13
           3 0.1312257334221E+02 0.1312257334221E+02 0.8528089572359E-14
           4 0.1200692532356E+02 0.1200692532356E+02 0.9616383166343E-14
           5 0.1245957615104E+03 0.1245957615104E+03 0.1186179106308E-13
 Verification Successful


 BT Benchmark Completed.
 Class           =                        B
 Size            =            102x 102x 102
 Iterations      =                      200
 Time in seconds =                     1.30
 Total threads   =                       72
 Avail threads   =                       72
 Mop/s total     =                541413.43
 Mop/s/thread    =                  7519.63
 Operation type  =           floating point
 Verification    =               SUCCESSFUL
 Version         =                    3.4.4
 Compile date    =              05 Aug 2026

 Compile options:
    FC           = gfortran
    FLINK        = $(FC)
    F_LIB        = (none)
    F_INC        = (none)
    FFLAGS       = -O3 -fopenmp -mcpu=neoverse-v2
    FLINKFLAGS   = $(FFLAGS)
    RAND         = (none)


 Please send all errors/feedbacks to:

 NPB Development Team
 npb@nas.nasa.gov
