-----Running BT-----


 NAS Parallel Benchmarks (NPB3.4-OMP) - BT Benchmark

 No input file inputbt.data. Using compiled defaults
 Size:  408x 408x 408
 Iterations:  250       dt:   0.0000200
 Number of available threads:   176

 Time step    1
 Time step   20
 Time step   40
 Time step   60
 Time step   80
 Time step  100
 Time step  120
 Time step  140
 Time step  160
 Time step  180
 Time step  200
 Time step  220
 Time step  240
 Verification being performed for class D
 accuracy setting for epsilon =  0.1000000000000E-07
 Comparison of RMS-norms of residual
           1 0.2533188551738E+05 0.2533188551738E+05 0.1510804911239E-12
           2 0.2346393716980E+04 0.2346393716980E+04 0.8333697770588E-13
           3 0.6294554366904E+04 0.6294554366904E+04 0.1589380460689E-14
           4 0.5352565376030E+04 0.5352565376030E+04 0.8308967344119E-13
           5 0.3905864038618E+05 0.3905864038618E+05 0.6613043688917E-13
 Comparison of RMS-norms of solution error
           1 0.3100009377557E+03 0.3100009377557E+03 0.1366071578941E-12
           2 0.2424086324913E+02 0.2424086324913E+02 0.1600422929406E-12
           3 0.7782212022645E+02 0.7782212022645E+02 0.4254740347612E-13
           4 0.6835623860116E+02 0.6835623860116E+02 0.3575777516484E-13
           5 0.6065737200368E+03 0.6065737200368E+03 0.2623944420154E-13
 Verification Successful


 BT Benchmark Completed.
 Class           =                        D
 Size            =            408x 408x 408
 Iterations      =                      250
 Time in seconds =                    77.04
 Total threads   =                      176
 Avail threads   =                      176
 Mop/s total     =                757175.88
 Mop/s/thread    =                  4302.14
 Operation type  =           floating point
 Verification    =               SUCCESSFUL
 Version         =                    3.4.4
 Compile date    =              06 Aug 2026

 Compile options:
    FC           = gfortran
    FLINK        = $(FC)
    F_LIB        = (none)
    F_INC        = (none)
    FFLAGS       = -O3 -fopenmp -mcpu=olympus -mcmodel=large -...
    FLINKFLAGS   = $(FFLAGS)
    RAND         = (none)


 Please send all errors/feedbacks to:

 NPB Development Team
 npb@nas.nasa.gov


-----Running CG-----


 NAS Parallel Benchmarks (NPB3.4-OMP) - CG Benchmark

 Size:     1500000
 Iterations:                    100
 Number of available threads:   176

 Initialization time =           2.742 seconds

   iteration           ||r||                 zeta
        1       0.13925848963183E-11   499.9996989885352
        5       0.96334325774233E-15    50.6504113318707
       10       0.10569441136638E-14    51.8233647190048
       15       0.10977291161878E-14    52.2602520412783
       20       0.11168810806280E-14    52.4207216938457
       25       0.11233021077302E-14    52.4796792873333
       30       0.11246438261227E-14    52.5014686735238
       35       0.11273558006273E-14    52.5095881341486
       40       0.11297033433671E-14    52.5126420639623
       45       0.11305943308618E-14    52.5138021256283
       50       0.11309047723215E-14    52.5142472814338
       55       0.11311327891906E-14    52.5144198604485
       60       0.11290432122664E-14    52.5144874496534
       65       0.11290233324806E-14    52.5145141852297
       70       0.11303101527195E-14    52.5145248630655
       75       0.11289221915841E-14    52.5145291670950
       80       0.11286376593418E-14    52.5145309171464
       85       0.11286134534535E-14    52.5145316345669
       90       0.11287257322273E-14    52.5145319309108
       95       0.11290264295827E-14    52.5145320541828
      100       0.11277066091111E-14    52.5145321057940
 Benchmark completed 
 VERIFICATION SUCCESSFUL 
 Zeta is     0.5251453210579E+02
 Error is    0.9471281473670E-15


 CG Benchmark Completed.
 Class           =                        D
 Size            =                  1500000
 Iterations      =                      100
 Time in seconds =                    64.20
 Total threads   =                      176
 Avail threads   =                      176
 Mop/s total     =                 56739.82
 Mop/s/thread    =                   322.39
 Operation type  =           floating point
 Verification    =               SUCCESSFUL
 Version         =                    3.4.4
 Compile date    =              06 Aug 2026

 Compile options:
    FC           = gfortran
    FLINK        = $(FC)
    F_LIB        = (none)
    F_INC        = (none)
    FFLAGS       = -O3 -fopenmp -mcpu=olympus -mcmodel=large -...
    FLINKFLAGS   = $(FFLAGS)
    RAND         = randi8


 Please send all errors/feedbacks to:

 NPB Development Team
 npb@nas.nasa.gov


-----Running EP-----


 NAS Parallel Benchmarks (NPB3.4-OMP) - EP Benchmark

 Number of random numbers generated:    137438953472
 Number of available threads:                    176

EP Benchmark Results:

CPU Time =     4.892
N = 2^   36
No. Gaussian Pairs =   53972171957.
Sums =     4.306350280812070D+10    4.306347571859157D+10
Counts:
  0   25154622775.
  1   24017899906.
  2    4508609839.
  3     284201296.
  4       6776403.
  5         61541.
  6           197.
  7             0.
  8             0.
  9             0.


 EP Benchmark Completed.
 Class           =                        D
 Size            =             137438953472
 Iterations      =                        0
 Time in seconds =                     4.89
 Total threads   =                      176
 Avail threads   =                      176
 Mop/s total     =                 28096.65
 Mop/s/thread    =                   159.64
 Operation type  = Random numbers generated
 Verification    =               SUCCESSFUL
 Version         =                    3.4.4
 Compile date    =              06 Aug 2026

 Compile options:
    FC           = gfortran
    FLINK        = $(FC)
    F_LIB        = (none)
    F_INC        = (none)
    FFLAGS       = -O3 -fopenmp -mcpu=olympus -mcmodel=large -...
    FLINKFLAGS   = $(FFLAGS)
    RAND         = randi8


 Please send all errors/feedbacks to:

 NPB Development Team
 npb@nas.nasa.gov


-----Running LU-----


 NAS Parallel Benchmarks (NPB3.4-OMP) - LU Benchmark

 Size:  408x 408x 408
 Iterations:                    300
 Number of available threads:   176

 Time step    1
 Time step   20
 Time step   40
 Time step   60
 Time step   80
 Time step  100
 Time step  120
 Time step  140
 Time step  160
 Time step  180
 Time step  200
 Time step  220
 Time step  240
 Time step  260
 Time step  280
 Time step  300

 Verification being performed for class D
 Accuracy setting for epsilon =  0.1000000000000E-07
 Comparison of RMS-norms of residual
           1   0.4868417937025E+05 0.4868417937025E+05 0.9714392869297E-14
           2   0.4696371050071E+04 0.4696371050071E+04 0.8559729499601E-13
           3   0.1218114549776E+05 0.1218114549776E+05 0.2989551997855E-12
           4   0.1033801493461E+05 0.1033801493461E+05 0.1887959770178E-12
           5   0.7142398413817E+05 0.7142398413817E+05 0.3504326242061E-13
 Comparison of RMS-norms of solution error
           1   0.3752393004482E+03 0.3752393004482E+03 0.5317150947758E-13
           2   0.3084128893659E+02 0.3084128893659E+02 0.1575846042813E-12
           3   0.9434276905469E+02 0.9434276905469E+02 0.2786655669168E-13
           4   0.8230686681928E+02 0.8230686681928E+02 0.3677593585216E-13
           5   0.7002620636210E+03 0.7002620636210E+03 0.1931952963283E-13
 Comparison of surface integral
               0.8334101392503E+02 0.8334101392503E+02 0.2984004463154E-13
 Verification Successful


 LU Benchmark Completed.
 Class           =                        D
 Size            =            408x 408x 408
 Iterations      =                      300
 Time in seconds =                    70.00
 Total threads   =                      176
 Avail threads   =                      176
 Mop/s total     =                569984.40
 Mop/s/thread    =                  3238.55
 Operation type  =           floating point
 Verification    =               SUCCESSFUL
 Version         =                    3.4.4
 Compile date    =              06 Aug 2026

 Compile options:
    FC           = gfortran
    FLINK        = $(FC)
    F_LIB        = (none)
    F_INC        = (none)
    FFLAGS       = -O3 -fopenmp -mcpu=olympus -mcmodel=large -...
    FLINKFLAGS   = $(FFLAGS)
    RAND         = (none)


 Please send all errors/feedbacks to:

 NPB Development Team
 npb@nas.nasa.gov


-----Running MG-----


 NAS Parallel Benchmarks (NPB3.4-OMP) - MG Benchmark

 No input file. Using compiled defaults 
 Size: 1024x1024x1024  (class D)
 Iterations:                     50
 Number of available threads:   176

 Initialization time:           0.363 seconds

  iter   1
  iter   5
  iter  10
  iter  15
  iter  20
  iter  25
  iter  30
  iter  35
  iter  40
  iter  45
  iter  50

 Benchmark completed 
 VERIFICATION SUCCESSFUL 
 L2 Norm is  0.1583275060430E-09
 Error is    0.6457307471497E-11


 MG Benchmark Completed.
 Class           =                        D
 Size            =           1024x1024x1024
 Iterations      =                       50
 Time in seconds =                     9.25
 Total threads   =                      176
 Avail threads   =                      176
 Mop/s total     =                336454.13
 Mop/s/thread    =                  1911.67
 Operation type  =           floating point
 Verification    =               SUCCESSFUL
 Version         =                    3.4.4
 Compile date    =              06 Aug 2026

 Compile options:
    FC           = gfortran
    FLINK        = $(FC)
    F_LIB        = (none)
    F_INC        = (none)
    FFLAGS       = -O3 -fopenmp -mcpu=olympus -mcmodel=large -...
    FLINKFLAGS   = $(FFLAGS)
    RAND         = randi8


 Please send all errors/feedbacks to:

 NPB Development Team
 npb@nas.nasa.gov


-----Running SP-----


 NAS Parallel Benchmarks (NPB3.4-OMP) - SP Benchmark

 No input file inputsp.data. Using compiled defaults
 Size:  408x 408x 408
 Iterations:  500    dt:    0.0003000
 Number of available threads:   176

 Time step    1
 Time step   20
 Time step   40
 Time step   60
 Time step   80
 Time step  100
 Time step  120
 Time step  140
 Time step  160
 Time step  180
 Time step  200
 Time step  220
 Time step  240
 Time step  260
 Time step  280
 Time step  300
 Time step  320
 Time step  340
 Time step  360
 Time step  380
 Time step  400
 Time step  420
 Time step  440
 Time step  460
 Time step  480
 Time step  500
 Verification being performed for class D
 accuracy setting for epsilon =  0.1000000000000E-07
 Comparison of RMS-norms of residual
           1 0.1044696216887E+05 0.1044696216887E+05 0.1944882283402E-12
           2 0.3204427762578E+04 0.3204427762578E+04 0.1385062942121E-12
           3 0.4648680733032E+04 0.4648680733032E+04 0.2856428180049E-13
           4 0.4238923283697E+04 0.4238923283697E+04 0.5213758252734E-13
           5 0.7588412036136E+04 0.7588412036136E+04 0.1366325332736E-13
 Comparison of RMS-norms of solution error
           1 0.5089471423669E+01 0.5089471423669E+01 0.8481326959944E-13
           2 0.5323514855894E+00 0.5323514855894E+00 0.8821696794863E-13
           3 0.1187051008971E+01 0.1187051008971E+01 0.4163858897619E-12
           4 0.1083734951938E+01 0.1083734951938E+01 0.1044930296926E-13
           5 0.1164108338568E+02 0.1164108338568E+02 0.1937940921215E-13
 Verification Successful


 SP Benchmark Completed.
 Class           =                        D
 Size            =            408x 408x 408
 Iterations      =                      500
 Time in seconds =                    81.87
 Total threads   =                      176
 Avail threads   =                      176
 Mop/s total     =                360768.10
 Mop/s/thread    =                  2049.82
 Operation type  =           floating point
 Verification    =               SUCCESSFUL
 Version         =                    3.4.4
 Compile date    =              06 Aug 2026

 Compile options:
    FC           = gfortran
    FLINK        = $(FC)
    F_LIB        = (none)
    F_INC        = (none)
    FFLAGS       = -O3 -fopenmp -mcpu=olympus -mcmodel=large -...
    FLINKFLAGS   = $(FFLAGS)
    RAND         = (none)


 Please send all errors/feedbacks to:

 NPB Development Team
 npb@nas.nasa.gov


-----Running UA-----


 NAS Parallel Benchmarks (NPB3.4-OMP) - UA Benchmark

 No input file inputua.data. Using compiled defaults
 Levels of refinement:              10
 Adaptation frequency:               5
 Time steps:                       250    dt:    0.390625E-04
 CG iterations:                     10
 Heat source radius:            0.0460
 Number of available threads:      176

Step    0: elements refined, merged, total:   72262       0  505835
Step    5: elements refined, merged, total:    1216   10152  505464
Step   10: elements refined, merged, total:    1189    8544  506311
Step   15: elements refined, merged, total:    1069    9072  505856
Step   20: elements refined, merged, total:    1107    9320  505450
Step   25: elements refined, merged, total:    1179    8832  505975
Step   30: elements refined, merged, total:    1101    8904  505891
Step   35: elements refined, merged, total:    1116    9104  505737
Step   40: elements refined, merged, total:    1211    9448  505947
Step   45: elements refined, merged, total:    1153    8512  506570
Step   50: elements refined, merged, total:    1051    9304  505786
Step   55: elements refined, merged, total:    1216   10144  505422
Step   60: elements refined, merged, total:    1190    8760  506087
Step   65: elements refined, merged, total:    1080    9072  505709
Step   70: elements refined, merged, total:    1144    9464  505436
Step   75: elements refined, merged, total:    1168    9456  505338
Step   80: elements refined, merged, total:    1108    8992  505226
Step   85: elements refined, merged, total:    1051    9032  504680
Step   90: elements refined, merged, total:    1223    9272  505128
Step   95: elements refined, merged, total:    1112    8408  505555
Step  100: elements refined, merged, total:    1077    9312  504946
Step  105: elements refined, merged, total:    1242    9928  504953
Step  110: elements refined, merged, total:    1180    8496  505779
Step  115: elements refined, merged, total:    1078    9104  505359
Step  120: elements refined, merged, total:    1144    9432  505114
Step  125: elements refined, merged, total:    1206    8904  505765
Step  130: elements refined, merged, total:    1119    8992  505730
Step  135: elements refined, merged, total:    1096    9200  505352
Step  140: elements refined, merged, total:    1228    9616  505534
Step  145: elements refined, merged, total:    1145    8472  506136
Step  150: elements refined, merged, total:    1053    9128  505520
Step  155: elements refined, merged, total:    1191    9800  505282
Step  160: elements refined, merged, total:    1176    8688  505912
Step  165: elements refined, merged, total:    1071    9032  505506
Step  170: elements refined, merged, total:    1173    9296  505583
Step  175: elements refined, merged, total:    1171    8920  505975
Step  180: elements refined, merged, total:    1118    9168  505779
Step  185: elements refined, merged, total:    1051    9128  505149
Step  190: elements refined, merged, total:    1256    9656  505492
Step  195: elements refined, merged, total:    1120    8440  505947
Step  200: elements refined, merged, total:    1083    9296  505394
Step  205: elements refined, merged, total:    1205   10328  504792
Step  210: elements refined, merged, total:    1180    8496  505618
Step  215: elements refined, merged, total:    1069    9096  505142
Step  220: elements refined, merged, total:    1107    9312  504743
Step  225: elements refined, merged, total:    1179    8840  505261
Step  230: elements refined, merged, total:    1100    8904  505170
Step  235: elements refined, merged, total:    1169    9088  505401
Step  240: elements refined, merged, total:    1209    9384  505653
Step  245: elements refined, merged, total:    1148    8448  506297

 Verification being performed for class D
 accuracy setting for epsilon =  0.1000000000000E-07
 Comparison of temperature integrals
           0.1577586272355E-05 0.1577586272355E-05 0.4026877778877E-13
 Verification Successful


 UA Benchmark Completed.
 Class           =                        D
 Size            =                       10
 Iterations      =                      250
 Time in seconds =                    86.26
 Total threads   =                      176
 Avail threads   =                      176
 Mop/s total     =                  2014.77
 Mop/s/thread    =                    11.45
 Operation type  =     coll. point advanced
 Verification    =               SUCCESSFUL
 Version         =                    3.4.4
 Compile date    =              06 Aug 2026

 Compile options:
    FC           = gfortran
    FLINK        = $(FC)
    F_LIB        = (none)
    F_INC        = (none)
    FFLAGS       = -O3 -fopenmp -mcpu=olympus -mcmodel=large -...
    FLINKFLAGS   = $(FFLAGS)
    RAND         = (none)


 Please send all errors/feedbacks to:

 NPB Development Team
 npb@nas.nasa.gov


-----Running FT-----


 NAS Parallel Benchmarks (NPB3.4-OMP) - FT Benchmark

 Size                : 2048x1024x1024
 Iterations                  :     25
 Number of available threads :    176

 T =    1     Checksum =    5.122230065252D+02    5.118534037109D+02
 T =    2     Checksum =    5.120463975765D+02    5.117061181082D+02
 T =    3     Checksum =    5.119865766760D+02    5.117096364601D+02
 T =    4     Checksum =    5.119518799488D+02    5.117373863950D+02
 T =    5     Checksum =    5.119269088223D+02    5.117680347632D+02
 T =    6     Checksum =    5.119082416858D+02    5.117967875532D+02
 T =    7     Checksum =    5.118943814638D+02    5.118225281841D+02
 T =    8     Checksum =    5.118842385057D+02    5.118451629348D+02
 T =    9     Checksum =    5.118769435632D+02    5.118649119387D+02
 T =   10     Checksum =    5.118718203448D+02    5.118820803844D+02
 T =   11     Checksum =    5.118683569061D+02    5.118969781011D+02
 T =   12     Checksum =    5.118661708593D+02    5.119098918835D+02
 T =   13     Checksum =    5.118649768950D+02    5.119210777066D+02
 T =   14     Checksum =    5.118645605626D+02    5.119307604484D+02
 T =   15     Checksum =    5.118647586618D+02    5.119391362671D+02
 T =   16     Checksum =    5.118654451572D+02    5.119463757241D+02
 T =   17     Checksum =    5.118665212451D+02    5.119526269238D+02
 T =   18     Checksum =    5.118679083821D+02    5.119580184108D+02
 T =   19     Checksum =    5.118695433664D+02    5.119626617538D+02
 T =   20     Checksum =    5.118713748264D+02    5.119666538138D+02
 T =   21     Checksum =    5.118733606701D+02    5.119700787219D+02
 T =   22     Checksum =    5.118754661974D+02    5.119730095953D+02
 T =   23     Checksum =    5.118776626738D+02    5.119755100241D+02
 T =   24     Checksum =    5.118799262314D+02    5.119776353561D+02
 T =   25     Checksum =    5.118822370068D+02    5.119794338060D+02
 Result verification successful
 class = D


 FT Benchmark Completed.
 Class           =                        D
 Size            =           2048x1024x1024
 Iterations      =                       25
 Time in seconds =                    31.56
 Total threads   =                      176
 Avail threads   =                      176
 Mop/s total     =                283986.64
 Mop/s/thread    =                  1613.56
 Operation type  =           floating point
 Verification    =               SUCCESSFUL
 Version         =                    3.4.4
 Compile date    =              06 Aug 2026

 Compile options:
    FC           = gfortran
    FLINK        = $(FC)
    F_LIB        = (none)
    F_INC        = (none)
    FFLAGS       = -O3 -fopenmp -mcpu=olympus -mcmodel=large -...
    FLINKFLAGS   = $(FFLAGS)
    RAND         = randi8


 Please send all errors/feedbacks to:

 NPB Development Team
 npb@nas.nasa.gov


-----Running IS-----


 NAS Parallel Benchmarks (NPB3.4-OMP) - IS Benchmark

 Size:  2147483648  (class D)
 Iterations:  10
 Number of available threads:  176


   iteration
        1
        2
        3
        4
        5
        6
        7
        8
        9
        10


 IS Benchmark Completed
 Class           =                        D
 Size            =               2147483648
 Iterations      =                       10
 Time in seconds =                     1.08
 Total threads   =                      176
 Avail threads   =                      176
 Mop/s total     =                 19912.25
 Mop/s/thread    =                   113.14
 Operation type  =              keys ranked
 Verification    =               SUCCESSFUL
 Version         =                    3.4.4
 Compile date    =              06 Aug 2026

 Compile options:
    CC           = gcc
    CLINK        = $(CC)
    C_LIB        = -lm
    C_INC        = (none)
    CFLAGS       = -O3 -fopenmp -mcpu=olympus -mcmodel=large -...
    CLINKFLAGS   = $(CFLAGS)


 Please send all errors/feedbacks to:

 NPB Development Team
 npb@nas.nasa.gov


